
Gurobi 13.0.2 (mac64[arm]) logging started Wed Oct  7 18:38:52 2026

Set parameter LogFile to value "/Users/bruce/Downloads/mat-py-main 2/DATACENTER/AIDC-39/calibration/jobs240_cost6/run_1/main_gurobi.log"
Gurobi Optimizer version 13.0.2 build v13.0.2rc1 (mac64[arm] - Darwin 27.0.0 26A428)

CPU model: Apple M5
Thread count: 10 physical cores, 10 logical processors, using up to 4 threads

Non-default parameters:
TimeLimit  600
FeasibilityTol  1e-08
IntFeasTol  1e-08
MIPGap  0.001
LogToConsole  0
Seed  1
Threads  4

Optimize a model with 25084 rows, 23191 columns and 226445 nonzeros (Min)
Model fingerprint: 0x88783873
Model has 13879 linear objective coefficients
Variable types: 9216 continuous, 13975 integer (13975 binary)
Coefficient statistics:
  Matrix range     [1e+00, 4e+04]
  Objective range  [2e+00, 8e+03]
  Bounds range     [1e+00, 2e+03]
  RHS range        [5e-01, 9e+02]

User MIP start produced solution with objective 2.60428e+06 (0.04s)
User MIP start produced solution with objective 2.60428e+06 (0.04s)
Loaded user MIP start with objective 2.60428e+06

Presolve removed 16060 rows and 6651 columns
Presolve time: 0.20s
Presolved: 9024 rows, 16540 columns, 185428 nonzeros
Variable types: 3239 continuous, 13301 integer (13205 binary)
Deterministic concurrent LP optimizer: primal and dual simplex
Showing primal log only...

Concurrent spin time: 0.12s (can be avoided by choosing Method=3)

Solved with dual simplex

Root relaxation: objective 2.490888e+06, 7748 iterations, 0.59 seconds (1.10 work units)

    Nodes    |    Current Node    |     Objective Bounds      |     Work
 Expl Unexpl |  Obj  Depth IntInf | Incumbent    BestBd   Gap | It/Node Time

     0     0 2490888.37    0  330 2604277.94 2490888.37  4.35%     -    0s
     0     0 2493319.92    0  366 2604277.94 2493319.92  4.26%     -    1s
     0     0 2493359.30    0  383 2604277.94 2493359.30  4.26%     -    1s
     0     0 2493386.51    0  390 2604277.94 2493386.51  4.26%     -    1s
     0     0 2493416.34    0  410 2604277.94 2493416.34  4.26%     -    1s
     0     0 2493416.46    0  409 2604277.94 2493416.46  4.26%     -    1s
     0     0 2493848.36    0  430 2604277.94 2493848.36  4.24%     -    1s
     0     0 2493856.02    0  449 2604277.94 2493856.02  4.24%     -    2s
     0     0 2493856.02    0  466 2604277.94 2493856.02  4.24%     -    2s
     0     0 2494355.97    0  474 2604277.94 2494355.97  4.22%     -    2s
     0     0 2494355.97    0  481 2604277.94 2494355.97  4.22%     -    2s
H    0     0                    2602589.8344 2494355.97  4.16%     -    2s
H    0     0                    2598244.3626 2494379.48  4.00%     -    2s
     0     0 2494379.48    0  486 2598244.36 2494379.48  4.00%     -    2s
     0     0 2494379.48    0  486 2598244.36 2494379.48  4.00%     -    2s
     0     0 2494379.48    0  485 2598244.36 2494379.48  4.00%     -    2s
H    0     0                    2515272.2099 2494379.48  0.83%     -    3s
     0     2 2494379.48    0  485 2515272.21 2494379.48  0.83%     -    3s
     7    12 2502589.17    3  441 2515272.21 2496254.66  0.76%  2176    5s
H    8    12                    2514629.4908 2496254.66  0.73%  1904    5s
H   22    28                    2514126.0922 2496254.66  0.71%  1206    6s
H   31    34                    2513815.7587 2496254.66  0.70%   995    6s
H   32    34                    2513305.1808 2496254.66  0.68%   981    6s
H  175   154                    2512957.7530 2496333.69  0.66%   407    9s
H  180   157                    2512861.8843 2496333.69  0.66%   407    9s
H  181   157                    2512840.5022 2496333.69  0.66%   405    9s
   184   169     cutoff   29      2512840.50 2496333.69  0.66%   400   10s
  1059  1002 2511674.45   73  485 2512840.50 2496333.69  0.66%   129   16s
H 1068   957                    2512826.6484 2498096.16  0.59%   128   19s
H 1068   909                    2512822.1484 2498096.16  0.59%   128   19s
H 1068   863                    2512789.1484 2498096.16  0.58%   128   19s
H 1068   820                    2512757.0242 2498096.16  0.58%   128   19s
H 1068   779                    2508728.4265 2498096.16  0.42%   128   19s
H 1068   740                    2505844.6299 2498096.16  0.31%   128   19s
  1069   741 2505844.63   95  480 2505844.63 2498176.96  0.31%   128   20s
H 1075   707                    2505760.6299 2498998.98  0.27%   127   23s
H 1076   671                    2503846.7109 2498998.98  0.19%   127   24s
H 1076   638                    2503730.2361 2498998.98  0.19%   127   24s
H 1077   606                    2502613.2581 2498998.98  0.14%   127   24s
  1079   607 2502613.26  263  523 2502613.26 2498998.98  0.14%   127   26s
H 1079   577                    2502237.8868 2498998.98  0.13%   127   27s
H 1079   547                    2501828.6031 2498998.98  0.11%   127   27s
H 1079   520                    2501806.4528 2498998.98  0.11%   127   27s

Cutting planes:
  Gomory: 34
  Cover: 15
  MIR: 84
  StrongCG: 11
  Flow cover: 65
  GUB cover: 42
  Inf proof: 1
  Zero half: 53
  Relax-and-lift: 2

Explored 1087 nodes (171103 simplex iterations) in 28.28 seconds (109.93 work units)
Thread count was 4 (of 10 available processors)

Solution count 10: 2.50181e+06 2.50183e+06 2.50224e+06 ... 2.51276e+06

Optimal solution found (tolerance 1.00e-03)
Best objective 2.501806452831e+06, best bound 2.499317263940e+06, gap 0.0995%

User-callback calls 8488, time in user-callback 0.02 sec
