
Gurobi 13.0.2 (mac64[arm]) logging started Wed Oct  7 18:39:41 2026

Set parameter LogFile to value "/Users/bruce/Downloads/mat-py-main 2/DATACENTER/AIDC-39/calibration/jobs240_cost4/run_1/main_gurobi.log"
Gurobi Optimizer version 13.0.2 build v13.0.2rc1 (mac64[arm] - Darwin 27.0.0 26A428)

CPU model: Apple M5
Thread count: 10 physical cores, 10 logical processors, using up to 4 threads

Non-default parameters:
TimeLimit  600
FeasibilityTol  1e-08
IntFeasTol  1e-08
MIPGap  0.001
LogToConsole  0
Seed  1
Threads  4

Optimize a model with 25084 rows, 23191 columns and 226445 nonzeros (Min)
Model fingerprint: 0x9bf14af2
Model has 13879 linear objective coefficients
Variable types: 9216 continuous, 13975 integer (13975 binary)
Coefficient statistics:
  Matrix range     [1e+00, 4e+04]
  Objective range  [2e+00, 8e+03]
  Bounds range     [1e+00, 2e+03]
  RHS range        [5e-01, 9e+02]

User MIP start produced solution with objective 2.59281e+06 (0.03s)
User MIP start produced solution with objective 2.59281e+06 (0.04s)
Loaded user MIP start with objective 2.59281e+06

Presolve removed 16060 rows and 6651 columns
Presolve time: 0.19s
Presolved: 9024 rows, 16540 columns, 185428 nonzeros
Variable types: 3239 continuous, 13301 integer (13205 binary)
Deterministic concurrent LP optimizer: primal and dual simplex
Showing primal log only...

Concurrent spin time: 0.14s (can be avoided by choosing Method=3)

Solved with dual simplex

Root relaxation: objective 2.484593e+06, 8997 iterations, 0.64 seconds (1.43 work units)

    Nodes    |    Current Node    |     Objective Bounds      |     Work
 Expl Unexpl |  Obj  Depth IntInf | Incumbent    BestBd   Gap | It/Node Time

     0     0 2484592.99    0  331 2592812.94 2484592.99  4.17%     -    0s
     0     0 2485327.14    0  351 2592812.94 2485327.14  4.15%     -    1s
     0     0 2485408.41    0  375 2592812.94 2485408.41  4.14%     -    1s
     0     0 2485408.41    0  402 2592812.94 2485408.41  4.14%     -    1s
     0     0 2486437.22    0  417 2592812.94 2486437.22  4.10%     -    1s
     0     0 2486437.22    0  416 2592812.94 2486437.22  4.10%     -    1s
     0     0 2486437.22    0  422 2592812.94 2486437.22  4.10%     -    1s
     0     0 2486650.09    0  437 2592812.94 2486650.09  4.09%     -    1s
     0     0 2486650.09    0  452 2592812.94 2486650.09  4.09%     -    2s
     0     0 2487334.37    0  464 2592812.94 2487334.37  4.07%     -    2s
     0     0 2487334.37    0  466 2592812.94 2487334.37  4.07%     -    2s
     0     0 2487334.37    0  482 2592812.94 2487334.37  4.07%     -    2s
     0     0 2487394.51    0  487 2592812.94 2487394.51  4.07%     -    2s
H    0     0                    2591601.5877 2488116.48  3.99%     -    2s
     0     0 2488116.48    0  481 2591601.59 2488116.48  3.99%     -    2s
     0     0 2488116.48    0  481 2591601.59 2488116.48  3.99%     -    2s
     0     0 2488116.48    0  479 2591601.59 2488116.48  3.99%     -    2s
H    0     0                    2505884.7692 2488116.48  0.71%     -    3s
H    0     0                    2505732.9473 2488116.48  0.70%     -    3s
     0     2 2488116.48    0  479 2505732.95 2488116.48  0.70%     -    3s
     7    10 2495721.45    3  424 2505732.95 2488116.48  0.70%  2307    5s
H   11    13                    2505527.6064 2488116.48  0.69%  2126    5s
H   34    31                    2505520.6064 2488116.48  0.69%  1091    6s
H   36    31                    2505518.6064 2488116.48  0.69%  1068    6s
H   69    67                    2499746.9599 2488116.48  0.47%   792    8s
H   87    71                    2499531.3106 2488116.48  0.46%   708    8s
   120    75 2492265.15   22  349 2499531.31 2488116.48  0.46%   663   10s
H  142    70                    2499119.5914 2488232.42  0.44%   683   11s
H  159    69                    2497524.0420 2488389.47  0.37%   664   11s
H  172    78                    2497480.7935 2489649.73  0.31%   640   12s
H  186    78                    2497309.2247 2489970.32  0.29%   603   12s
H  526   407                    2497300.9211 2489970.32  0.29%   255   14s
H  533   407                    2497294.0731 2489970.32  0.29%   252   14s
H  534   403                    2496938.1842 2489970.32  0.28%   252   14s
   617   544 2492968.71  135  290 2496938.18 2489970.32  0.28%   224   15s
H 1139   997                    2496936.1842 2489970.32  0.28%   150   16s
  1143  1000 2495941.20  290  330 2496936.18 2489970.32  0.28%   150   21s
H 1143   949                    2496800.9567 2489970.32  0.27%   150   21s
H 1143   902                    2496651.6597 2489970.32  0.27%   150   21s
H 1143   857                    2496616.3423 2489970.32  0.27%   150   21s
H 1143   814                    2496563.2161 2489970.32  0.26%   150   21s
H 1143   773                    2496359.3187 2489970.32  0.26%   150   21s
H 1143   734                    2496313.3558 2489970.32  0.25%   150   21s
H 1143   698                    2496308.9885 2489970.32  0.25%   150   21s
H 1242   666                    2496287.1546 2489970.32  0.25%   171   24s
  1257   678     cutoff   29      2496287.15 2489970.32  0.25%   170   25s
H 1442   760                    2496255.7715 2489970.32  0.25%   158   29s
  1527   834 2494401.27   61  210 2496255.77 2489970.32  0.25%   152   30s
  2966  1878 2494844.96  231  182 2496255.77 2489970.32  0.25%  94.6   35s
  4553  3605 2495135.64  395  101 2496255.77 2489970.32  0.25%  72.7   40s
  7149  6033 2491899.91   28  257 2496255.77 2489970.32  0.25%  56.5   45s
 10481  9541 2496191.29  962  153 2496255.77 2489970.32  0.25%  46.7   50s
*12380 10575            1027    2496190.0325 2489970.32  0.25%  42.9   52s
*12382 10571            1028    2496188.4578 2489970.32  0.25%  42.9   52s
 14776 13170 2495210.69  990  198 2496188.46 2489970.32  0.25%  40.0   55s
 19223 17383 2494256.92  175  186 2496188.46 2491892.81  0.17%  36.3   60s
 20834 19059 2494996.22  622  209 2496188.46 2491892.81  0.17%  35.9   76s
 23704 21589 2493556.64  154  240 2496188.46 2491892.81  0.17%  35.1   80s
H25221 22281                    2496112.1130 2491892.81  0.17%  35.1   83s
H25228 22032                    2496041.9346 2491892.81  0.17%  35.1   84s
 25335 22492 2493807.64  338  204 2496041.93 2491892.81  0.17%  35.1   85s
 28630 25353 2495355.51 1176   53 2496041.93 2491907.65  0.17%  34.1   90s
H31123 27519                    2496035.9346 2491907.65  0.17%  33.2   93s
 31774 28497 2493405.85   34  289 2496035.93 2491907.65  0.17%  32.9   95s
 34747 31249 2493744.49  285  190 2496035.93 2491947.70  0.16%  33.3  100s
*37242 16734             919    2494530.6111 2491947.70  0.10%  33.5  104s
 37699 16815     cutoff 1025      2494530.61 2491952.77  0.10%  33.4  105s
 40199 19242 2493924.84  331  250 2494530.61 2491956.20  0.10%  34.2  110s
 43220 21978 2493715.51  192  245 2494530.61 2491956.20  0.10%  34.3  115s
 46953 25545 2494435.64 1201  170 2494530.61 2491963.36  0.10%  33.5  120s
 49850 28167 2493502.47  111  261 2494530.61 2491963.36  0.10%  33.4  125s
 52083 30475 2493903.75  355  204 2494530.61 2491990.75  0.10%  33.8  130s

Cutting planes:
  Gomory: 8
  MIR: 12
  StrongCG: 4
  Flow cover: 16
  GUB cover: 7
  Zero half: 17
  RLT: 1

Explored 55337 nodes (1893059 simplex iterations) in 134.81 seconds (629.21 work units)
Thread count was 4 (of 10 available processors)

Solution count 10: 2.49453e+06 2.49604e+06 2.49604e+06 ... 2.49631e+06

Optimal solution found (tolerance 1.00e-03)
Best objective 2.494530611113e+06, best bound 2.492065062250e+06, gap 0.0988%

User-callback calls 136411, time in user-callback 0.10 sec
