
Gurobi 13.0.2 (mac64[arm]) logging started Wed Oct  7 17:45:47 2026

Set parameter LogFile to value "/Users/bruce/Downloads/mat-py-main 2/DATACENTER/AIDC-39/case001_training_uc/results/main_gurobi.log"
Gurobi Optimizer version 13.0.2 build v13.0.2rc1 (mac64[arm] - Darwin 27.0.0 26A428)

CPU model: Apple M5
Thread count: 10 physical cores, 10 logical processors, using up to 4 threads

Non-default parameters:
TimeLimit  600
FeasibilityTol  1e-08
IntFeasTol  1e-08
MIPGap  0.001
LogToConsole  0
Seed  1
Threads  4

Optimize a model with 25004 rows, 19337 columns and 193567 nonzeros (Min)
Model fingerprint: 0x29ad37fa
Model has 10025 linear objective coefficients
Variable types: 9216 continuous, 10121 integer (10121 binary)
Coefficient statistics:
  Matrix range     [1e+00, 4e+04]
  Objective range  [2e+00, 8e+03]
  Bounds range     [1e+00, 2e+03]
  RHS range        [5e-01, 9e+02]

User MIP start produced solution with objective 2.54733e+06 (0.04s)
User MIP start produced solution with objective 2.54733e+06 (0.04s)
Loaded user MIP start with objective 2.54733e+06

Presolve removed 16061 rows and 6651 columns
Presolve time: 0.16s
Presolved: 8943 rows, 12686 columns, 152527 nonzeros
Variable types: 3239 continuous, 9447 integer (9351 binary)
Deterministic concurrent LP optimizer: primal and dual simplex
Showing primal log only...

Concurrent spin time: 0.05s

Solved with dual simplex

Root relaxation: objective 2.436908e+06, 7603 iterations, 0.39 seconds (0.87 work units)

    Nodes    |    Current Node    |     Objective Bounds      |     Work
 Expl Unexpl |  Obj  Depth IntInf | Incumbent    BestBd   Gap | It/Node Time

     0     0 2436907.60    0  283 2547334.74 2436907.60  4.34%     -    0s
     0     0 2441306.43    0  278 2547334.74 2441306.43  4.16%     -    1s
     0     0 2441626.56    0  292 2547334.74 2441626.56  4.15%     -    1s
     0     0 2441627.65    0  304 2547334.74 2441627.65  4.15%     -    1s
     0     0 2441662.72    0  308 2547334.74 2441662.72  4.15%     -    1s
     0     0 2441674.27    0  310 2547334.74 2441674.27  4.15%     -    1s
H    0     0                    2547333.9862 2442689.23  4.11%     -    1s
H    0     0                    2547329.0514 2442689.23  4.11%     -    1s
H    0     0                    2547002.6781 2442689.23  4.10%     -    1s
     0     0 2442689.23    0  344 2547002.68 2442689.23  4.10%     -    1s
     0     0 2443474.83    0  370 2547002.68 2443474.83  4.06%     -    1s
     0     0 2443474.83    0  375 2547002.68 2443474.83  4.06%     -    1s
     0     0 2443474.83    0  386 2547002.68 2443474.83  4.06%     -    1s
H    0     0                    2545247.3544 2443474.83  4.00%     -    2s
H    0     0                    2544649.9151 2443474.83  3.98%     -    2s
     0     0 2443497.49    0  402 2544649.92 2443497.49  3.98%     -    2s
     0     0 2444572.81    0  304 2544649.92 2444572.81  3.93%     -    2s
     0     0 2444754.33    0  327 2544649.92 2444754.33  3.93%     -    2s
     0     0 2444755.24    0  354 2544649.92 2444755.24  3.93%     -    2s
H    0     0                    2542076.1113 2444755.24  3.83%     -    3s
H    0     0                    2539767.6640 2444766.15  3.74%     -    3s
H    0     0                    2539111.6095 2444766.15  3.72%     -    3s
     0     0 2444766.15    0  382 2539111.61 2444766.15  3.72%     -    3s
H    0     0                    2497780.9795 2444785.05  2.12%     -    3s
     0     0 2444785.05    0  381 2497780.98 2444785.05  2.12%     -    3s
     0     0 2444786.57    0  388 2497780.98 2444786.57  2.12%     -    3s
H    0     0                    2451089.8299 2444786.57  0.26%     -    3s
     0     0 2444788.74    0  400 2451089.83 2444788.74  0.26%     -    3s
     0     0 2444789.66    0  406 2451089.83 2444789.66  0.26%     -    3s
H    0     0                    2450297.3606 2444789.66  0.22%     -    4s
H    0     0                    2449752.6800 2444789.66  0.20%     -    4s
H    0     0                    2449533.5729 2444789.66  0.19%     -    4s
     0     0 2444791.10    0  408 2449533.57 2444791.10  0.19%     -    4s
H    0     0                    2449518.9103 2444791.10  0.19%     -    4s
     0     0 2444791.14    0  408 2449518.91 2444791.14  0.19%     -    4s
     0     0 2444791.14    0  408 2449518.91 2444791.14  0.19%     -    4s
     0     0 2444791.14    0  407 2449518.91 2444791.14  0.19%     -    4s
     0     2 2444791.29    0  407 2449518.91 2444791.29  0.19%     -    4s
     1     4 2445717.68    1  420 2449518.91 2444801.91  0.19%  2394    5s
H   24    35                    2449114.4528 2445043.54  0.17%   597    6s
H  165   165                    2447770.7016 2445051.49  0.11%   158    7s
H  693   748                    2446801.0502 2445051.49  0.07%  92.8    9s

Cutting planes:
  Gomory: 19
  Cover: 20
  Implied bound: 4
  MIR: 147
  StrongCG: 3
  Flow cover: 9
  GUB cover: 65
  Zero half: 48
  Relax-and-lift: 3

Explored 966 nodes (94365 simplex iterations) in 9.63 seconds (39.05 work units)
Thread count was 4 (of 10 available processors)

Solution count 10: 2.4468e+06 2.44777e+06 2.44911e+06 ... 2.53911e+06

Optimal solution found (tolerance 1.00e-03)
Best objective 2.446801050157e+06, best bound 2.445051487733e+06, gap 0.0715%

User-callback calls 4736, time in user-callback 0.01 sec
