
Gurobi 13.0.2 (mac64[arm]) logging started Wed Oct  7 18:34:55 2026

Set parameter LogFile to value "/Users/bruce/Downloads/mat-py-main 2/DATACENTER/AIDC-39/calibration/jobs200_cost5/run_1/main_gurobi.log"
Gurobi Optimizer version 13.0.2 build v13.0.2rc1 (mac64[arm] - Darwin 27.0.0 26A428)

CPU model: Apple M5
Thread count: 10 physical cores, 10 logical processors, using up to 4 threads

Non-default parameters:
TimeLimit  600
FeasibilityTol  1e-08
IntFeasTol  1e-08
MIPGap  0.001
LogToConsole  0
Seed  1
Threads  4

Optimize a model with 25044 rows, 21019 columns and 211745 nonzeros (Min)
Model fingerprint: 0x5b2063ab
Model has 11707 linear objective coefficients
Variable types: 9216 continuous, 11803 integer (11803 binary)
Coefficient statistics:
  Matrix range     [1e+00, 4e+04]
  Objective range  [2e+00, 8e+03]
  Bounds range     [1e+00, 2e+03]
  RHS range        [5e-01, 9e+02]

User MIP start produced solution with objective 2.58602e+06 (0.04s)
User MIP start produced solution with objective 2.58602e+06 (0.04s)
Loaded user MIP start with objective 2.58602e+06

Presolve removed 16060 rows and 6651 columns
Presolve time: 0.19s
Presolved: 8984 rows, 14368 columns, 170782 nonzeros
Variable types: 3239 continuous, 11129 integer (11033 binary)
Deterministic concurrent LP optimizer: primal and dual simplex
Showing primal log only...

Concurrent spin time: 0.17s (can be avoided by choosing Method=3)

Solved with dual simplex

Root relaxation: objective 2.473939e+06, 7535 iterations, 0.65 seconds (1.09 work units)

    Nodes    |    Current Node    |     Objective Bounds      |     Work
 Expl Unexpl |  Obj  Depth IntInf | Incumbent    BestBd   Gap | It/Node Time

     0     0 2473938.99    0  327 2586015.74 2473938.99  4.33%     -    0s
     0     0 2477192.59    0  339 2586015.74 2477192.59  4.21%     -    1s
     0     0 2477259.98    0  359 2586015.74 2477259.98  4.21%     -    1s
     0     0 2477286.19    0  371 2586015.74 2477286.19  4.20%     -    1s
     0     0 2477286.24    0  373 2586015.74 2477286.24  4.20%     -    1s
     0     0 2477941.85    0  382 2586015.74 2477941.85  4.18%     -    2s
     0     0 2477956.03    0  397 2586015.74 2477956.03  4.18%     -    2s
     0     0 2477974.63    0  397 2586015.74 2477974.63  4.18%     -    2s
     0     0 2477979.30    0  407 2586015.74 2477979.30  4.18%     -    2s
     0     0 2477979.36    0  410 2586015.74 2477979.36  4.18%     -    2s
H    0     0                    2583808.1660 2477979.36  4.10%     -    2s
     0     0 2477998.08    0  441 2583808.17 2477998.08  4.10%     -    2s
     0     0 2478008.20    0  453 2583808.17 2478008.20  4.09%     -    2s
     0     0 2478013.93    0  453 2583808.17 2478013.93  4.09%     -    3s
     0     0 2478015.53    0  462 2583808.17 2478015.53  4.09%     -    3s
     0     0 2478819.58    0  459 2583808.17 2478819.58  4.06%     -    3s
     0     0 2481391.69    0  375 2583808.17 2481391.69  3.96%     -    4s
H    0     0                    2583201.4872 2481553.60  3.93%     -    4s
H    0     0                    2581877.9300 2481553.60  3.89%     -    4s
     0     0 2481553.60    0  379 2581877.93 2481553.60  3.89%     -    4s
     0     0 2481555.35    0  397 2581877.93 2481555.35  3.89%     -    4s
     0     0 2481580.31    0  421 2581877.93 2481580.31  3.88%     -    4s
     0     0 2481703.52    0  418 2581877.93 2481703.52  3.88%     -    4s
H    0     0                    2493738.1689 2481847.81  0.48%     -    5s
H    0     0                    2491922.8325 2481847.81  0.40%     -    5s
H    0     0                    2491921.3909 2481847.81  0.40%     -    5s
     0     0 2481847.81    0  404 2491921.39 2481847.81  0.40%     -    5s
H    0     0                    2491596.3091 2481851.18  0.39%     -    5s
H    0     0                    2491439.4104 2481851.18  0.38%     -    5s
     0     0 2481851.18    0  420 2491439.41 2481851.18  0.38%     -    5s
H    0     0                    2491240.0460 2481851.18  0.38%     -    5s
H    0     0                    2489209.6874 2481851.18  0.30%     -    5s
H    0     0                    2489147.7472 2481851.18  0.29%     -    5s
     0     0 2481865.38    0  417 2489147.75 2481865.38  0.29%     -    5s
     0     0 2481868.26    0  444 2489147.75 2481868.26  0.29%     -    5s
     0     0 2481874.25    0  418 2489147.75 2481874.25  0.29%     -    6s
     0     0 2481874.42    0  418 2489147.75 2481874.42  0.29%     -    6s
     0     0 2481874.42    0  418 2489147.75 2481874.42  0.29%     -    6s
H    0     0                    2488929.0559 2481875.09  0.28%     -    6s
     0     2 2481875.09    0  418 2488929.06 2481875.09  0.28%     -    7s
H    8    10                    2488824.7740 2482172.84  0.27%   576    7s
H   35    42                    2488746.5556 2482172.84  0.26%   264    8s
H  120   121                    2485601.8315 2482172.84  0.14%   142    9s
   222   227 2482801.31   30  344 2485601.83 2482172.84  0.14%   126   10s
* 2589  2745             666    2485186.2183 2482172.84  0.12%  43.6   14s
H 2789  2736                    2485095.9998 2482172.84  0.12%  41.8   14s
  3167  3160 2482377.86    5  364 2485096.00 2482203.50  0.12%  40.7   15s
H 3265  3155                    2485090.9998 2482203.50  0.12%  40.6   15s
H 3265  3152                    2485085.9998 2482203.50  0.12%  40.6   15s
  3271  3156 2483908.53  264  329 2485086.00 2482203.50  0.12%  40.6   20s
H 3272  2999                    2484917.9854 2482203.50  0.11%  40.5   20s
H 3272  2848                    2484916.5449 2482203.50  0.11%  40.5   20s
H 3278  2710                    2484894.0449 2482203.50  0.11%  40.5   21s
H 3282  2577                    2484877.7949 2482203.50  0.11%  40.4   23s
H 3287  2450                    2484718.3050 2482203.50  0.10%  40.4   24s
  3289  2451 2483805.69  240  513 2484718.30 2482203.50  0.10%  40.3   25s
H 3292  2330                    2484595.4486 2482203.50  0.10%  40.3   27s

Cutting planes:
  Gomory: 24
  Cover: 10
  Implied bound: 1
  MIR: 91
  StrongCG: 3
  Flow cover: 32
  GUB cover: 48
  Zero half: 32

Explored 3292 nodes (171409 simplex iterations) in 28.00 seconds (101.59 work units)
Thread count was 4 (of 10 available processors)

Solution count 10: 2.4846e+06 2.48472e+06 2.48488e+06 ... 2.48519e+06

Optimal solution found (tolerance 1.00e-03)
Best objective 2.484595448583e+06, best bound 2.482203500081e+06, gap 0.0963%

User-callback calls 13746, time in user-callback 0.02 sec
