
Gurobi 13.0.2 (mac64[arm]) logging started Wed Oct  7 18:47:07 2026

Set parameter LogFile to value "/Users/bruce/Downloads/mat-py-main 2/DATACENTER/AIDC-39/calibration/jobs240_cost4p5_confirmation/run_1/main_gurobi.log"
Gurobi Optimizer version 13.0.2 build v13.0.2rc1 (mac64[arm] - Darwin 27.0.0 26A428)

CPU model: Apple M5
Thread count: 10 physical cores, 10 logical processors, using up to 4 threads

Non-default parameters:
TimeLimit  600
FeasibilityTol  1e-08
IntFeasTol  1e-08
MIPGap  0.001
LogToConsole  0
Seed  1
Threads  4

Optimize a model with 25084 rows, 23191 columns and 226445 nonzeros (Min)
Model fingerprint: 0xd3491e4e
Model has 13879 linear objective coefficients
Variable types: 9216 continuous, 13975 integer (13975 binary)
Coefficient statistics:
  Matrix range     [1e+00, 4e+04]
  Objective range  [2e+00, 8e+03]
  Bounds range     [1e+00, 2e+03]
  RHS range        [5e-01, 9e+02]

User MIP start produced solution with objective 2.59568e+06 (0.04s)
User MIP start produced solution with objective 2.59568e+06 (0.04s)
Loaded user MIP start with objective 2.59568e+06

Presolve removed 16060 rows and 6651 columns
Presolve time: 0.20s
Presolved: 9024 rows, 16540 columns, 185428 nonzeros
Variable types: 3239 continuous, 13301 integer (13205 binary)
Deterministic concurrent LP optimizer: primal and dual simplex
Showing primal log only...

Concurrent spin time: 0.14s (can be avoided by choosing Method=3)

Solved with dual simplex

Root relaxation: objective 2.486173e+06, 8748 iterations, 0.62 seconds (1.37 work units)

    Nodes    |    Current Node    |     Objective Bounds      |     Work
 Expl Unexpl |  Obj  Depth IntInf | Incumbent    BestBd   Gap | It/Node Time

     0     0 2486172.66    0  333 2595679.19 2486172.66  4.22%     -    0s
     0     0 2487149.06    0  363 2595679.19 2487149.06  4.18%     -    1s
     0     0 2487220.28    0  369 2595679.19 2487220.28  4.18%     -    1s
     0     0 2488158.74    0  392 2595679.19 2488158.74  4.14%     -    1s
     0     0 2488297.57    0  397 2595679.19 2488297.57  4.14%     -    1s
     0     0 2488297.57    0  406 2595679.19 2488297.57  4.14%     -    1s
     0     0 2488297.57    0  399 2595679.19 2488297.57  4.14%     -    1s
     0     0 2488423.94    0  434 2595679.19 2488423.94  4.13%     -    1s
     0     0 2488572.57    0  444 2595679.19 2488572.57  4.13%     -    1s
     0     0 2488572.57    0  452 2595679.19 2488572.57  4.13%     -    1s
     0     0 2488645.53    0  475 2595679.19 2488645.53  4.12%     -    1s
     0     0 2488645.53    0  482 2595679.19 2488645.53  4.12%     -    2s
     0     0 2488645.53    0  486 2595679.19 2488645.53  4.12%     -    2s
H    0     0                    2594266.6216 2488901.18  4.06%     -    2s
     0     0 2489117.25    0  501 2594266.62 2489117.25  4.05%     -    2s
     0     0 2489117.25    0  501 2594266.62 2489117.25  4.05%     -    2s
     0     0 2489117.25    0  500 2594266.62 2489117.25  4.05%     -    2s
H    0     0                    2594194.6216 2489117.25  4.05%     -    3s
H    0     0                    2524344.0742 2489117.25  1.40%     -    3s
     0     2 2489117.25    0  500 2524344.07 2489117.25  1.40%     -    3s
    11    20 2492719.82    4  447 2524344.07 2489423.57  1.38%  1851    5s
H   12    20                    2523856.8217 2489423.57  1.36%  1697    5s
H   12    20                    2523853.8170 2489423.57  1.36%  1697    5s
H   40    33                    2523113.6243 2489423.57  1.34%   943    5s
H   42    33                    2514783.3812 2489423.57  1.01%   927    5s
H   78    63                    2514007.6209 2489423.57  0.98%   722    6s
H   79    63                    2513305.5158 2489423.57  0.95%   714    6s
H  220   196                    2513297.6408 2489423.57  0.95%   378    8s
H  222   196                    2513238.0158 2489423.57  0.95%   375    8s
   328   311 2502178.30   55  259 2513238.02 2489423.57  0.95%   288   10s
H  654   531                    2508320.1837 2492407.69  0.63%   184   12s
H  657   534                    2508011.8069 2492407.69  0.62%   184   12s
H  659   534                    2507855.5020 2492407.69  0.62%   184   12s
H  660   534                    2507568.7584 2492407.69  0.60%   183   12s
H 1137  1010                    2507560.8834 2492407.69  0.60%   128   13s
H 1137   500                    2501764.2772 2492407.69  0.37%   128   14s
H 1137   499                    2501762.0272 2492407.69  0.37%   128   14s
  1138   487 2500703.55  305  500 2501762.03 2492407.69  0.37%   128   15s
H 1141   464                    2498507.2142 2492407.69  0.24%   127   18s
H 1141   441                    2498459.0640 2492407.69  0.24%   127   18s
H 1141   419                    2498419.6980 2492407.69  0.24%   127   18s
H 1141   398                    2498364.9387 2492407.69  0.24%   127   18s
H 1159   383                    2498034.7692 2492407.69  0.23%   143   19s
  1213   387 2495900.83   27  244 2498034.77 2492407.69  0.23%   146   20s
H 1299   365                    2497912.3780 2492407.69  0.22%   146   21s
  1580   538 2495345.33   63  173 2497912.38 2492407.69  0.22%   134   25s
H 1591   523                    2497873.0030 2492407.69  0.22%   134   26s
  2776  1580 2495636.94  278  210 2497873.00 2492407.69  0.22%  89.8   30s
H 2851  1591                    2497741.9128 2492407.69  0.21%  88.1   31s
H 3941  2731                    2497665.6466 2492407.69  0.21%  72.0   34s
  4476  3411 2495994.56  523  159 2497665.65 2492407.69  0.21%  66.8   35s
  7135  5979 2497470.00  882   60 2497665.65 2492407.69  0.21%  51.9   40s
 10310  9650 2496007.75  416  128 2497665.65 2492407.69  0.21%  42.6   45s
 14058 12580     cutoff   38      2497665.65 2492515.20  0.21%  36.0   50s
H17195 12156                    2496953.8656 2493436.75  0.14%  33.2   54s
 17862 13194 2495344.31  173  225 2496953.87 2493436.75  0.14%  32.7   55s
H20537 14381                    2496806.2973 2493436.75  0.13%  31.1   75s
H20537 14220                    2496783.1037 2493436.75  0.13%  31.1   75s
H20537 13777                    2496726.1865 2493436.75  0.13%  31.1   75s
H20547 13094                    2496506.7059 2493436.75  0.12%  31.1   81s
H20548 12440                    2496430.3527 2493511.86  0.12%  31.1   84s
H20548 11818                    2496400.4686 2493511.86  0.12%  31.1   84s
H20548 11227                    2496387.5330 2493511.86  0.12%  31.1   84s
 20550 11228 2495924.77  264  491 2496387.53 2493642.32  0.11%  31.1   85s
H20552 10667                    2496334.0396 2493661.87  0.11%  31.1   88s
H20552 10134                    2496240.8300 2493661.87  0.10%  31.1   88s
 20555 10136 2496119.36  573  548 2496240.83 2493661.87  0.10%  31.1   90s
 20562 10141 2496240.83  415  594 2496240.83 2493661.87  0.10%  31.1   95s
H20562  9633                    2496219.9558 2493661.87  0.10%  31.1   96s
 20566  9636 2495849.37  393  596 2496219.96 2493661.87  0.10%  31.1  100s
H20566  9154                    2496198.5808 2493661.87  0.10%  31.1  101s
 20574  9160 2495421.23  218  379 2496198.58 2493681.08  0.10%  32.2  105s

Cutting planes:
  Gomory: 32
  MIR: 58
  StrongCG: 5
  Flow cover: 27
  GUB cover: 20
  Zero half: 34

Explored 20575 nodes (689347 simplex iterations) in 105.21 seconds (384.26 work units)
Thread count was 4 (of 10 available processors)

Solution count 10: 2.4962e+06 2.49622e+06 2.49624e+06 ... 2.49678e+06

Optimal solution found (tolerance 1.00e-03)
Best objective 2.496198580800e+06, best bound 2.493702677578e+06, gap 0.1000%

User-callback calls 66480, time in user-callback 0.12 sec
