
Gurobi 13.0.2 (mac64[arm]) logging started Wed Oct  7 17:56:53 2026

Set parameter LogFile to value "DATACENTER/AIDC-39/case003_stochastic_ups/results/baseline_gurobi.log"
Gurobi Optimizer version 13.0.2 build v13.0.2rc1 (mac64[arm] - Darwin 27.0.0 26A428)

CPU model: Apple M5
Thread count: 10 physical cores, 10 logical processors, using up to 4 threads

Non-default parameters:
TimeLimit  600
FeasibilityTol  1e-08
IntFeasTol  1e-08
MIPGap  0.001
LogToConsole  0
Seed  1
Threads  4

Optimize a model with 538442 rows, 243348 columns and 1409179 nonzeros (Min)
Model fingerprint: 0x4ed00fdc
Model has 38613 linear objective coefficients and an objective constant of 6.5859406265537791e+03
Variable types: 233844 continuous, 9504 integer (8928 binary)
Coefficient statistics:
  Matrix range     [5e-02, 4e+04]
  Objective range  [1e-02, 8e+03]
  Bounds range     [2e-14, 2e+03]
  RHS range        [5e-01, 7e+03]

User MIP start did not produce a new incumbent solution

Presolve removed 29962 rows and 9507 columns
Presolve time: 0.03s

Explored 0 nodes (0 simplex iterations) in 0.24 seconds (0.43 work units)
Thread count was 1 (of 10 available processors)

Solution count 0

Model is infeasible
Best objective -, best bound -, gap -

User-callback calls 154, time in user-callback 0.00 sec
