
Gurobi 13.0.2 (mac64[arm]) logging started Wed Oct  7 17:56:49 2026

Set parameter LogFile to value "DATACENTER/AIDC-39/case003_stochastic_ups/results/mean_gurobi.log"
Gurobi Optimizer version 13.0.2 build v13.0.2rc1 (mac64[arm] - Darwin 27.0.0 26A428)

CPU model: Apple M5
Thread count: 10 physical cores, 10 logical processors, using up to 4 threads

Non-default parameters:
TimeLimit  600
FeasibilityTol  1e-08
IntFeasTol  1e-08
MIPGap  0.001
LogToConsole  0
Seed  1
Threads  4

Optimize a model with 56925 rows, 28040 columns and 159397 nonzeros (Min)
Model fingerprint: 0x79847e54
Model has 5762 linear objective coefficients and an objective constant of 6.5859406265537791e+03
Variable types: 24008 continuous, 4032 integer (3456 binary)
Coefficient statistics:
  Matrix range     [5e-02, 4e+04]
  Objective range  [7e-02, 8e+03]
  Bounds range     [3e-14, 2e+03]
  RHS range        [5e-01, 7e+03]

User MIP start produced solution with objective 2.86901e+06 (0.28s)
User MIP start produced solution with objective 2.86878e+06 (1.11s)
User MIP start produced solution with objective 2.86859e+06 (1.11s)
User MIP start produced solution with objective 2.86853e+06 (1.12s)
User MIP start produced solution with objective 2.86853e+06 (1.13s)
Loaded user MIP start with objective 2.86853e+06
Processed MIP start in 1.13 seconds (2.03 work units)

Presolve removed 35220 rows and 13092 columns
Presolve time: 0.18s
Presolved: 21705 rows, 14948 columns, 89424 nonzeros
Variable types: 11732 continuous, 3216 integer (2640 binary)

Root relaxation: objective 2.793956e+06, 12705 iterations, 0.25 seconds (0.40 work units)

    Nodes    |    Current Node    |     Objective Bounds      |     Work
 Expl Unexpl |  Obj  Depth IntInf | Incumbent    BestBd   Gap | It/Node Time

     0     0 2793955.52    0  366 2868533.03 2793955.52  2.60%     -    1s
H    0     0                    2804458.5540 2793955.52  0.37%     -    1s
     0     0 2794814.65    0  321 2804458.55 2794814.65  0.34%     -    1s
H    0     0                    2804031.4779 2794817.90  0.33%     -    2s
H    0     0                    2803756.4779 2794817.90  0.32%     -    2s
     0     0 2796605.37    0  321 2803756.48 2796605.37  0.26%     -    2s
     0     0 2796794.55    0  326 2803756.48 2796794.55  0.25%     -    2s
     0     0 2796794.55    0  303 2803756.48 2796794.55  0.25%     -    2s
     0     0 2797110.43    0  303 2803756.48 2797110.43  0.24%     -    2s
     0     0 2797540.59    0  303 2803756.48 2797540.59  0.22%     -    2s
     0     0 2797625.06    0  303 2803756.48 2797625.06  0.22%     -    2s
     0     0 2797625.06    0  301 2803756.48 2797625.06  0.22%     -    2s
     0     2 2797625.06    0  278 2803756.48 2797625.06  0.22%     -    3s
H   19    14                    2803504.4469 2798140.06  0.19%   354    3s
H   21    24                    2803429.4469 2798140.06  0.19%   335    3s
H  208   200                    2801821.9965 2798140.06  0.13%  63.1    3s
*  492   298             100    2801478.0741 2798140.06  0.12%  29.3    3s

Cutting planes:
  Gomory: 27
  Implied bound: 1
  MIR: 30
  Flow cover: 1

Explored 654 nodes (32140 simplex iterations) in 4.26 seconds (9.19 work units)
Thread count was 4 (of 10 available processors)

Solution count 10: 2.80148e+06 2.80182e+06 2.80343e+06 ... 2.86878e+06

Optimal solution found (tolerance 1.00e-03)
Best objective 2.801478074062e+06, best bound 2.799430797837e+06, gap 0.0731%

User-callback calls 3164, time in user-callback 0.01 sec
