
Gurobi 13.0.2 (mac64[arm]) logging started Wed Oct  7 18:37:44 2026

Set parameter LogFile to value "/Users/bruce/Downloads/mat-py-main 2/DATACENTER/AIDC-39/calibration/jobs250_cost5/run_1/main_gurobi.log"
Gurobi Optimizer version 13.0.2 build v13.0.2rc1 (mac64[arm] - Darwin 27.0.0 26A428)

CPU model: Apple M5
Thread count: 10 physical cores, 10 logical processors, using up to 4 threads

Non-default parameters:
TimeLimit  600
FeasibilityTol  1e-08
IntFeasTol  1e-08
MIPGap  0.001
LogToConsole  0
Seed  1
Threads  4

Optimize a model with 25094 rows, 23617 columns and 229175 nonzeros (Min)
Model fingerprint: 0x8eb4a6e8
Model has 14305 linear objective coefficients
Variable types: 9216 continuous, 14401 integer (14401 binary)
Coefficient statistics:
  Matrix range     [1e+00, 4e+04]
  Objective range  [2e+00, 8e+03]
  Bounds range     [1e+00, 2e+03]
  RHS range        [5e-01, 9e+02]

User MIP start produced solution with objective 2.6011e+06 (0.04s)
User MIP start produced solution with objective 2.6011e+06 (0.05s)
Loaded user MIP start with objective 2.6011e+06

Presolve removed 16060 rows and 6651 columns
Presolve time: 0.22s
Presolved: 9034 rows, 16966 columns, 188152 nonzeros
Variable types: 3239 continuous, 13727 integer (13631 binary)
Deterministic concurrent LP optimizer: primal and dual simplex
Showing primal log only...

Concurrent spin time: 0.14s (can be avoided by choosing Method=3)

Solved with dual simplex

Root relaxation: objective 2.490930e+06, 8634 iterations, 0.66 seconds (1.36 work units)

    Nodes    |    Current Node    |     Objective Bounds      |     Work
 Expl Unexpl |  Obj  Depth IntInf | Incumbent    BestBd   Gap | It/Node Time

     0     0 2490929.73    0  325 2601103.77 2490929.73  4.24%     -    0s
     0     0 2491973.03    0  378 2601103.77 2491973.03  4.20%     -    1s
     0     0 2493080.78    0  370 2601103.77 2493080.78  4.15%     -    1s
     0     0 2493330.46    0  404 2601103.77 2493330.46  4.14%     -    1s
     0     0 2493330.46    0  405 2601103.77 2493330.46  4.14%     -    1s
     0     0 2493370.28    0  404 2601103.77 2493370.28  4.14%     -    1s
     0     0 2493370.28    0  412 2601103.77 2493370.28  4.14%     -    1s
     0     0 2494433.15    0  408 2601103.77 2494433.15  4.10%     -    2s
     0     0 2494459.55    0  406 2601103.77 2494459.55  4.10%     -    2s
     0     0 2494462.61    0  412 2601103.77 2494462.61  4.10%     -    2s
H    0     0                    2599804.6285 2494473.30  4.05%     -    2s
     0     0 2494473.30    0  438 2599804.63 2494473.30  4.05%     -    2s
H    0     0                    2599202.1897 2494473.58  4.03%     -    2s
     0     0 2494473.58    0  431 2599202.19 2494473.58  4.03%     -    2s
H    0     0                    2596341.0794 2494473.58  3.92%     -    2s
     0     0 2494778.96    0  447 2596341.08 2494778.96  3.91%     -    3s
     0     0 2497607.57    0  377 2596341.08 2497607.57  3.80%     -    3s
     0     0 2498306.89    0  393 2596341.08 2498306.89  3.78%     -    3s
H    0     0                    2594953.8723 2498447.47  3.72%     -    4s
H    0     0                    2594003.7168 2498447.47  3.68%     -    4s
H    0     0                    2593949.0429 2498447.47  3.68%     -    4s
     0     0 2498447.47    0  443 2593949.04 2498447.47  3.68%     -    4s
     0     0 2498463.97    0  463 2593949.04 2498463.97  3.68%     -    4s
     0     0 2498464.18    0  464 2593949.04 2498464.18  3.68%     -    4s
     0     0 2498611.53    0  520 2593949.04 2498611.53  3.68%     -    5s
     0     0 2498611.53    0  528 2593949.04 2498611.53  3.68%     -    5s
H    0     0                    2510923.4656 2498611.53  0.49%     -    5s
     0     0 2498611.53    0  529 2510923.47 2498611.53  0.49%     -    5s
     0     0 2498611.53    0  540 2510923.47 2498611.53  0.49%     -    5s
H    0     0                    2508978.3572 2498611.53  0.41%     -    5s
H    0     0                    2508977.0470 2498611.53  0.41%     -    5s
H    0     0                    2508976.5148 2498611.53  0.41%     -    5s
     0     0 2498611.53    0  537 2508976.51 2498611.53  0.41%     -    6s
     0     0 2498611.53    0  548 2508976.51 2498611.53  0.41%     -    6s
     0     0 2498675.62    0  538 2508976.51 2498675.62  0.41%     -    6s
     0     0 2498675.62    0  538 2508976.51 2498675.62  0.41%     -    6s
     0     0 2498675.62    0  538 2508976.51 2498675.62  0.41%     -    6s
H    0     0                    2508787.5781 2498675.62  0.40%     -    6s
H    0     0                    2507144.1653 2498675.62  0.34%     -    6s
H    0     0                    2507121.8588 2498675.62  0.34%     -    6s
H    0     0                    2507015.7837 2498675.62  0.33%     -    6s
H    0     0                    2506937.5933 2498675.62  0.33%     -    7s
H    0     0                    2506871.9430 2498675.62  0.33%     -    7s
H    0     0                    2506826.9489 2498675.62  0.33%     -    7s
H    0     0                    2506821.9489 2498675.62  0.32%     -    7s
H    0     0                    2506687.6463 2498675.62  0.32%     -    7s
H    0     0                    2506599.7508 2498675.62  0.32%     -    7s
H    0     0                    2506587.5490 2498675.62  0.32%     -    7s
H    0     0                    2506567.1629 2498675.62  0.31%     -    7s
H    0     0                    2506438.0327 2498675.62  0.31%     -    7s
H    0     2                    2506380.4398 2498675.62  0.31%     -    8s
     0     2 2498675.62    0  535 2506380.44 2498675.62  0.31%     -    8s
    19    26 2505665.65    5  393 2506380.44 2498675.62  0.31%   937   10s
H   24    26                    2506040.4097 2498675.62  0.29%   773   10s
H   34    24                    2505748.8241 2498675.62  0.28%   630   10s
H   63    29                    2505625.8557 2498842.46  0.27%   480   11s
H  107    76                    2503808.6665 2498842.46  0.20%   352   12s
H  109    76                    2503722.8642 2498842.46  0.19%   347   12s
   627   611 2499699.16   52  318 2503722.86 2498842.46  0.19%   139   15s
  1098  1053 2501056.90  110  322 2503722.86 2498842.46  0.19%   105   20s
H 1101  1002                    2503716.6142 2498842.46  0.19%   104   22s
H 1102   952                    2503640.4549 2498842.46  0.19%   104   22s
H 1104   906                    2503613.6499 2498842.46  0.19%   104   23s
H 1106   862                    2503591.3247 2498842.46  0.19%   104   23s
H 1110   821                    2502256.3554 2498842.46  0.14%   104   24s
H 1110   779                    2502243.6638 2498842.46  0.14%   104   24s
H 1111   741                    2502216.2329 2498842.46  0.13%   104   25s
H 1120   709                    2502136.9638 2498842.46  0.13%   103   29s
H 1120   673                    2502115.3306 2498842.46  0.13%   103   29s
  1122   674 2501622.05  101  560 2502115.33 2498842.46  0.13%   103   30s
H 1122   640                    2501989.4277 2498842.46  0.13%   103   31s
H 1122   608                    2501983.1777 2498842.46  0.13%   103   31s
  1198   653     cutoff   24      2501983.18 2499144.05  0.11%   131   35s
H 1203   624                    2501811.2085 2499144.05  0.11%   131   35s
H 1301   662                    2501609.4846 2499144.05  0.10%   129   37s
H 1303   633                    2501597.4397 2499144.05  0.10%   130   37s

Cutting planes:
  Gomory: 25
  Cover: 20
  Implied bound: 9
  MIR: 84
  StrongCG: 8
  Flow cover: 45
  GUB cover: 58
  Zero half: 59

Explored 1307 nodes (193540 simplex iterations) in 37.84 seconds (146.82 work units)
Thread count was 4 (of 10 available processors)

Solution count 10: 2.5016e+06 2.50161e+06 2.50181e+06 ... 2.50226e+06

Optimal solution found (tolerance 1.00e-03)
Best objective 2.501597439720e+06, best bound 2.499144050563e+06, gap 0.0981%

User-callback calls 11761, time in user-callback 0.04 sec
