
Gurobi 13.0.2 (mac64[arm]) logging started Wed Oct  7 17:45:47 2026

Set parameter LogFile to value "/Users/bruce/Downloads/mat-py-main 2/DATACENTER/AIDC-39/case001_training_uc/results/main_gurobi.log"
Gurobi Optimizer version 13.0.2 build v13.0.2rc1 (mac64[arm] - Darwin 27.0.0 26A428)

CPU model: Apple M5
Thread count: 10 physical cores, 10 logical processors, using up to 4 threads

Non-default parameters:
TimeLimit  600
FeasibilityTol  1e-08
IntFeasTol  1e-08
MIPGap  0.001
LogToConsole  0
Seed  1
Threads  4

Optimize a model with 25004 rows, 19337 columns and 193567 nonzeros (Min)
Model fingerprint: 0x29ad37fa
Model has 10025 linear objective coefficients
Variable types: 9216 continuous, 10121 integer (10121 binary)
Coefficient statistics:
  Matrix range     [1e+00, 4e+04]
  Objective range  [2e+00, 8e+03]
  Bounds range     [1e+00, 2e+03]
  RHS range        [5e-01, 9e+02]

User MIP start produced solution with objective 2.54733e+06 (0.04s)
User MIP start produced solution with objective 2.54733e+06 (0.04s)
Loaded user MIP start with objective 2.54733e+06

Presolve removed 16061 rows and 6651 columns
Presolve time: 0.16s
Presolved: 8943 rows, 12686 columns, 152527 nonzeros
Variable types: 3239 continuous, 9447 integer (9351 binary)
Deterministic concurrent LP optimizer: primal and dual simplex
Showing primal log only...

Concurrent spin time: 0.05s

Solved with dual simplex

Root relaxation: objective 2.436908e+06, 7603 iterations, 0.39 seconds (0.87 work units)

    Nodes    |    Current Node    |     Objective Bounds      |     Work
 Expl Unexpl |  Obj  Depth IntInf | Incumbent    BestBd   Gap | It/Node Time

     0     0 2436907.60    0  283 2547334.74 2436907.60  4.34%     -    0s
     0     0 2441306.43    0  278 2547334.74 2441306.43  4.16%     -    1s
     0     0 2441626.56    0  292 2547334.74 2441626.56  4.15%     -    1s
     0     0 2441627.65    0  304 2547334.74 2441627.65  4.15%     -    1s
     0     0 2441662.72    0  308 2547334.74 2441662.72  4.15%     -    1s
     0     0 2441674.27    0  310 2547334.74 2441674.27  4.15%     -    1s
H    0     0                    2547333.9862 2442689.23  4.11%     -    1s
H    0     0                    2547329.0514 2442689.23  4.11%     -    1s
H    0     0                    2547002.6781 2442689.23  4.10%     -    1s
     0     0 2442689.23    0  344 2547002.68 2442689.23  4.10%     -    1s
     0     0 2443474.83    0  370 2547002.68 2443474.83  4.06%     -    1s
     0     0 2443474.83    0  375 2547002.68 2443474.83  4.06%     -    1s
     0     0 2443474.83    0  386 2547002.68 2443474.83  4.06%     -    1s
H    0     0                    2545247.3544 2443474.83  4.00%     -    2s
H    0     0                    2544649.9151 2443474.83  3.98%     -    2s
     0     0 2443497.49    0  402 2544649.92 2443497.49  3.98%     -    2s
     0     0 2444572.81    0  304 2544649.92 2444572.81  3.93%     -    2s
     0     0 2444754.33    0  327 2544649.92 2444754.33  3.93%     -    2s
     0     0 2444755.24    0  354 2544649.92 2444755.24  3.93%     -    2s
H    0     0                    2542076.1113 2444755.24  3.83%     -    3s
H    0     0                    2539767.6640 2444766.15  3.74%     -    3s
H    0     0                    2539111.6095 2444766.15  3.72%     -    3s
     0     0 2444766.15    0  382 2539111.61 2444766.15  3.72%     -    3s
H    0     0                    2497780.9795 2444785.05  2.12%     -    3s
     0     0 2444785.05    0  381 2497780.98 2444785.05  2.12%     -    3s
     0     0 2444786.57    0  388 2497780.98 2444786.57  2.12%     -    3s
H    0     0                    2451089.8299 2444786.57  0.26%     -    3s
     0     0 2444788.74    0  400 2451089.83 2444788.74  0.26%     -    3s
     0     0 2444789.66    0  406 2451089.83 2444789.66  0.26%     -    3s
H    0     0                    2450297.3606 2444789.66  0.22%     -    4s
H    0     0                    2449752.6800 2444789.66  0.20%     -    4s
H    0     0                    2449533.5729 2444789.66  0.19%     -    4s
     0     0 2444791.10    0  408 2449533.57 2444791.10  0.19%     -    4s
H    0     0                    2449518.9103 2444791.10  0.19%     -    4s
     0     0 2444791.14    0  408 2449518.91 2444791.14  0.19%     -    4s
     0     0 2444791.14    0  408 2449518.91 2444791.14  0.19%     -    4s
     0     0 2444791.14    0  407 2449518.91 2444791.14  0.19%     -    4s
     0     2 2444791.29    0  407 2449518.91 2444791.29  0.19%     -    4s
     1     4 2445717.68    1  420 2449518.91 2444801.91  0.19%  2394    5s
H   24    35                    2449114.4528 2445043.54  0.17%   597    6s
H  165   165                    2447770.7016 2445051.49  0.11%   158    7s
H  693   748                    2446801.0502 2445051.49  0.07%  92.8    9s

Cutting planes:
  Gomory: 19
  Cover: 20
  Implied bound: 4
  MIR: 147
  StrongCG: 3
  Flow cover: 9
  GUB cover: 65
  Zero half: 48
  Relax-and-lift: 3

Explored 966 nodes (94365 simplex iterations) in 9.63 seconds (39.05 work units)
Thread count was 4 (of 10 available processors)

Solution count 10: 2.4468e+06 2.44777e+06 2.44911e+06 ... 2.53911e+06

Optimal solution found (tolerance 1.00e-03)
Best objective 2.446801050157e+06, best bound 2.445051487733e+06, gap 0.0715%

User-callback calls 4736, time in user-callback 0.01 sec

Gurobi 13.0.2 (mac64[arm]) logging started Wed Oct  7 18:44:26 2026

Set parameter LogFile to value "/Users/bruce/Downloads/mat-py-main 2/DATACENTER/AIDC-39/case001_training_uc/results/main_gurobi.log"
Gurobi Optimizer version 13.0.2 build v13.0.2rc1 (mac64[arm] - Darwin 27.0.0 26A428)

CPU model: Apple M5
Thread count: 10 physical cores, 10 logical processors, using up to 4 threads

Non-default parameters:
TimeLimit  600
FeasibilityTol  1e-08
IntFeasTol  1e-08
MIPGap  0.001
LogToConsole  0
Seed  1
Threads  4

Optimize a model with 25084 rows, 23191 columns and 226445 nonzeros (Min)
Model fingerprint: 0xd3491e4e
Model has 13879 linear objective coefficients
Variable types: 9216 continuous, 13975 integer (13975 binary)
Coefficient statistics:
  Matrix range     [1e+00, 4e+04]
  Objective range  [2e+00, 8e+03]
  Bounds range     [1e+00, 2e+03]
  RHS range        [5e-01, 9e+02]

User MIP start produced solution with objective 2.59568e+06 (0.03s)
User MIP start produced solution with objective 2.59568e+06 (0.04s)
Loaded user MIP start with objective 2.59568e+06

Presolve removed 16060 rows and 6651 columns
Presolve time: 0.19s
Presolved: 9024 rows, 16540 columns, 185428 nonzeros
Variable types: 3239 continuous, 13301 integer (13205 binary)
Deterministic concurrent LP optimizer: primal and dual simplex
Showing primal log only...

Concurrent spin time: 0.14s (can be avoided by choosing Method=3)

Solved with dual simplex

Root relaxation: objective 2.486173e+06, 8748 iterations, 0.61 seconds (1.37 work units)

    Nodes    |    Current Node    |     Objective Bounds      |     Work
 Expl Unexpl |  Obj  Depth IntInf | Incumbent    BestBd   Gap | It/Node Time

     0     0 2486172.66    0  333 2595679.19 2486172.66  4.22%     -    0s
     0     0 2487149.06    0  363 2595679.19 2487149.06  4.18%     -    1s
     0     0 2487220.28    0  369 2595679.19 2487220.28  4.18%     -    1s
     0     0 2488158.74    0  392 2595679.19 2488158.74  4.14%     -    1s
     0     0 2488297.57    0  397 2595679.19 2488297.57  4.14%     -    1s
     0     0 2488297.57    0  406 2595679.19 2488297.57  4.14%     -    1s
     0     0 2488297.57    0  399 2595679.19 2488297.57  4.14%     -    1s
     0     0 2488423.94    0  434 2595679.19 2488423.94  4.13%     -    1s
     0     0 2488572.57    0  444 2595679.19 2488572.57  4.13%     -    1s
     0     0 2488572.57    0  452 2595679.19 2488572.57  4.13%     -    1s
     0     0 2488645.53    0  475 2595679.19 2488645.53  4.12%     -    1s
     0     0 2488645.53    0  482 2595679.19 2488645.53  4.12%     -    1s
     0     0 2488645.53    0  486 2595679.19 2488645.53  4.12%     -    1s
H    0     0                    2594266.6216 2488901.18  4.06%     -    2s
     0     0 2489117.25    0  501 2594266.62 2489117.25  4.05%     -    2s
     0     0 2489117.25    0  501 2594266.62 2489117.25  4.05%     -    2s
     0     0 2489117.25    0  500 2594266.62 2489117.25  4.05%     -    2s
H    0     0                    2594194.6216 2489117.25  4.05%     -    3s
H    0     0                    2524344.0742 2489117.25  1.40%     -    3s
     0     2 2489117.25    0  500 2524344.07 2489117.25  1.40%     -    3s
H   12    20                    2523856.8217 2489423.57  1.36%  1697    4s
H   12    20                    2523853.8170 2489423.57  1.36%  1697    4s
    19    24 2496845.92    5  461 2523853.82 2489423.57  1.36%  1425    5s
H   40    33                    2523113.6243 2489423.57  1.34%   943    5s
H   42    33                    2514783.3812 2489423.57  1.01%   927    5s
H   78    63                    2514007.6209 2489423.57  0.98%   722    6s
H   79    63                    2513305.5158 2489423.57  0.95%   714    6s
H  220   196                    2513297.6408 2489423.57  0.95%   378    8s
H  222   196                    2513238.0158 2489423.57  0.95%   375    8s
   515   518 2502295.60   95  264 2513238.02 2489423.57  0.95%   212   10s
H  654   531                    2508320.1837 2492407.69  0.63%   184   11s
H  657   534                    2508011.8069 2492407.69  0.62%   184   11s
H  659   534                    2507855.5020 2492407.69  0.62%   184   11s
H  660   534                    2507568.7584 2492407.69  0.60%   183   11s
H 1137  1010                    2507560.8834 2492407.69  0.60%   128   13s
H 1137   500                    2501764.2772 2492407.69  0.37%   128   13s
H 1137   499                    2501762.0272 2492407.69  0.37%   128   13s
  1140   488 2499554.43   41  333 2501762.03 2492407.69  0.37%   127   15s
H 1141   464                    2498507.2142 2492407.69  0.24%   127   17s
H 1141   441                    2498459.0640 2492407.69  0.24%   127   17s
H 1141   419                    2498419.6980 2492407.69  0.24%   127   17s
H 1141   398                    2498364.9387 2492407.69  0.24%   127   17s
H 1159   383                    2498034.7692 2492407.69  0.23%   143   18s
H 1299   365                    2497912.3780 2492407.69  0.22%   146   19s
  1321   385 2493461.94   27  234 2497912.38 2492407.69  0.22%   146   20s
H 1591   523                    2497873.0030 2492407.69  0.22%   134   24s
  1652   607 2495364.55   75  179 2497873.00 2492407.69  0.22%   130   25s
H 2851  1591                    2497741.9128 2492407.69  0.21%  88.1   29s
  3032  1961 2495692.15  321  163 2497741.91 2492407.69  0.21%  84.6   30s
H 3941  2731                    2497665.6466 2492407.69  0.21%  72.0   31s
  5492  4453 2496650.92  630   95 2497665.65 2492407.69  0.21%  60.3   35s
  9044  8060 2495749.51  231  152 2497665.65 2492407.69  0.21%  46.1   40s
 13292 11955 2496712.49  876   70 2497665.65 2492515.20  0.21%  36.7   45s
H17195 12156                    2496953.8656 2493436.75  0.14%  33.2   49s
 17451 12797 2495123.31   83  218 2496953.87 2493436.75  0.14%  33.0   50s
H20537 14381                    2496806.2973 2493436.75  0.13%  31.1   69s
H20537 14220                    2496783.1037 2493436.75  0.13%  31.1   69s
H20537 13777                    2496726.1865 2493436.75  0.13%  31.1   69s
 20538 13778 2495215.38   70  500 2496726.19 2493436.75  0.13%  31.1   71s
H20547 13094                    2496506.7059 2493436.75  0.12%  31.1   75s
H20548 12440                    2496430.3527 2493511.86  0.12%  31.1   77s
H20548 11818                    2496400.4686 2493511.86  0.12%  31.1   77s
H20548 11227                    2496387.5330 2493511.86  0.12%  31.1   77s
H20552 10667                    2496334.0396 2493661.87  0.11%  31.1   80s
H20552 10134                    2496240.8300 2493661.87  0.10%  31.1   80s
 20560 10140 2495884.90  374  587 2496240.83 2493661.87  0.10%  31.1   85s
H20562  9633                    2496219.9558 2493661.87  0.10%  31.1   87s
 20566  9636 2495849.37  393  596 2496219.96 2493661.87  0.10%  31.1   90s
H20566  9154                    2496198.5808 2493661.87  0.10%  31.1   91s
 20573  9159 2495996.37  476  385 2496198.58 2493681.08  0.10%  32.2   95s

Cutting planes:
  Gomory: 32
  MIR: 58
  StrongCG: 5
  Flow cover: 27
  GUB cover: 20
  Zero half: 34

Explored 20575 nodes (689347 simplex iterations) in 95.54 seconds (384.26 work units)
Thread count was 4 (of 10 available processors)

Solution count 10: 2.4962e+06 2.49622e+06 2.49624e+06 ... 2.49678e+06

Optimal solution found (tolerance 1.00e-03)
Best objective 2.496198580800e+06, best bound 2.493702677578e+06, gap 0.1000%

User-callback calls 65530, time in user-callback 0.08 sec
