
Gurobi 13.0.2 (mac64[arm]) logging started Wed Oct  7 18:35:49 2026

Set parameter LogFile to value "/Users/bruce/Downloads/mat-py-main 2/DATACENTER/AIDC-39/calibration/jobs240_cost5/run_1/main_gurobi.log"
Gurobi Optimizer version 13.0.2 build v13.0.2rc1 (mac64[arm] - Darwin 27.0.0 26A428)

CPU model: Apple M5
Thread count: 10 physical cores, 10 logical processors, using up to 4 threads

Non-default parameters:
TimeLimit  600
FeasibilityTol  1e-08
IntFeasTol  1e-08
MIPGap  0.001
LogToConsole  0
Seed  1
Threads  4

Optimize a model with 25084 rows, 23191 columns and 226445 nonzeros (Min)
Model fingerprint: 0xbbecf2ca
Model has 13879 linear objective coefficients
Variable types: 9216 continuous, 13975 integer (13975 binary)
Coefficient statistics:
  Matrix range     [1e+00, 4e+04]
  Objective range  [2e+00, 8e+03]
  Bounds range     [1e+00, 2e+03]
  RHS range        [5e-01, 9e+02]

User MIP start produced solution with objective 2.59855e+06 (0.04s)
User MIP start produced solution with objective 2.59855e+06 (0.04s)
Loaded user MIP start with objective 2.59855e+06

Presolve removed 16060 rows and 6651 columns
Presolve time: 0.22s
Presolved: 9024 rows, 16540 columns, 185428 nonzeros
Variable types: 3239 continuous, 13301 integer (13205 binary)
Deterministic concurrent LP optimizer: primal and dual simplex
Showing primal log only...

Concurrent spin time: 0.11s (can be avoided by choosing Method=3)

Solved with dual simplex

Root relaxation: objective 2.487750e+06, 8224 iterations, 0.64 seconds (1.22 work units)

    Nodes    |    Current Node    |     Objective Bounds      |     Work
 Expl Unexpl |  Obj  Depth IntInf | Incumbent    BestBd   Gap | It/Node Time

     0     0 2487749.63    0  324 2598545.44 2487749.63  4.26%     -    0s
     0     0 2489563.14    0  371 2598545.44 2489563.14  4.19%     -    1s
     0     0 2490122.20    0  369 2598545.44 2490122.20  4.17%     -    1s
     0     0 2490150.95    0  392 2598545.44 2490150.95  4.17%     -    1s
     0     0 2490173.27    0  382 2598545.44 2490173.27  4.17%     -    1s
     0     0 2490910.55    0  397 2598545.44 2490910.55  4.14%     -    1s
     0     0 2490910.55    0  400 2598545.44 2490910.55  4.14%     -    1s
     0     0 2490973.55    0  418 2598545.44 2490973.55  4.14%     -    1s
     0     0 2491119.38    0  425 2598545.44 2491119.38  4.13%     -    2s
     0     0 2491119.38    0  446 2598545.44 2491119.38  4.13%     -    2s
     0     0 2491119.38    0  454 2598545.44 2491119.38  4.13%     -    2s
     0     0 2491119.38    0  462 2598545.44 2491119.38  4.13%     -    2s
     0     0 2491119.38    0  462 2598545.44 2491119.38  4.13%     -    2s
H    0     0                    2597059.4728 2491119.38  4.08%     -    2s
H    0     0                    2596875.8734 2491157.09  4.07%     -    2s
H    0     0                    2593456.6798 2491157.09  3.94%     -    2s
H    0     0                    2593441.6798 2491157.09  3.94%     -    2s
H    0     0                    2593124.6320 2491157.09  3.93%     -    2s
     0     0 2491287.92    0  459 2593124.63 2491287.92  3.93%     -    2s
     0     0 2491287.92    0  459 2593124.63 2491287.92  3.93%     -    2s
     0     0 2491287.92    0  454 2593124.63 2491287.92  3.93%     -    2s
H    0     0                    2508282.8990 2491287.92  0.68%     -    3s
     0     2 2491287.92    0  454 2508282.90 2491287.92  0.68%     -    3s
     3     8 2495770.63    2  407 2508282.90 2492302.87  0.64%  1866    5s
H    7    10                    2508152.3253 2492372.57  0.63%  1611    6s
H   10    10                    2507971.8703 2492372.57  0.62%  1700    6s
H   15    16                    2507968.3119 2492372.57  0.62%  1397    7s
    78    72 2494713.58    8  355 2507968.31 2494300.19  0.54%   732   10s
H  176   166                    2505771.8705 2494300.19  0.46%   402   11s
H  404   268                    2505390.8238 2494300.19  0.44%   239   13s
H  407   241                    2504244.6603 2494300.19  0.40%   237   13s
H  569   315                    2504197.1513 2494300.19  0.40%   193   14s
H  570   306                    2503920.6690 2494300.19  0.38%   193   14s
   619   394 2496904.38   83  291 2503920.67 2494300.19  0.38%   183   15s
H 1076   792                    2503870.3098 2494300.19  0.38%   129   17s
H 1076   756                    2503556.0876 2494300.19  0.37%   129   18s
H 1076   755                    2503420.7796 2494300.19  0.36%   129   18s
H 1076   752                    2503087.6966 2494300.19  0.35%   129   18s
H 1076   747                    2502858.2901 2494300.19  0.34%   129   18s
H 1076   743                    2502550.6724 2494300.19  0.33%   129   18s
H 1076   739                    2500118.4627 2494300.19  0.23%   129   18s
H 1076   739                    2499768.7396 2494300.19  0.22%   129   18s
  1077   740 2497060.96   64  454 2499768.74 2494300.19  0.22%   128   22s
  1086   746 2497251.99  118  438 2499768.74 2494514.61  0.21%   127   25s
H 1086   708                    2499763.7396 2494514.61  0.21%   127   25s
H 1086   672                    2499707.1075 2494514.61  0.21%   127   25s
H 1086   639                    2499661.4755 2494514.61  0.21%   127   25s
H 1087   608                    2499648.7839 2494514.61  0.21%   127   26s
H 1088   577                    2499615.4348 2494565.51  0.20%   127   26s
H 1091   550                    2499611.5498 2494565.51  0.20%   127   27s
H 1093   524                    2499598.3922 2494609.49  0.20%   127   30s
H 1097   500                    2499569.4671 2494811.99  0.19%   151   33s
H 1108   488                    2499547.4332 2495512.90  0.16%   157   34s
  1126   502 2497092.97   19  376 2499547.43 2495516.44  0.16%   159   35s
H 1433   656                    2499489.5556 2495516.44  0.16%   148   40s
H 1684   795                    2499443.1009 2495516.44  0.16%   140   44s
  1747   899 2497647.17  100  283 2499443.10 2495516.44  0.16%   138   45s
H 2656  1272                    2499042.1441 2495883.75  0.13%   124   50s
  3891  2571 2498642.85  421  236 2499042.14 2495883.75  0.13%   109   55s
H 3941  2568                    2498978.6925 2495883.75  0.12%   108   55s
  5035  3495 2496970.40   52  339 2498978.69 2495883.75  0.12%   101   60s
  6089  4428 2497042.55  104  339 2498978.69 2495883.75  0.12%  97.6   65s
H 6215  4300                    2498873.3059 2496150.91  0.11%  97.7   67s
H 6218  4197                    2498817.2756 2496150.91  0.11%  97.8   67s
H 6441  4146                    2498637.5759 2496150.91  0.10%  98.2   69s

Cutting planes:
  Gomory: 30
  Cover: 22
  Implied bound: 1
  MIR: 86
  StrongCG: 9
  Flow cover: 63
  GUB cover: 44
  Zero half: 43

Explored 6474 nodes (646979 simplex iterations) in 69.52 seconds (308.14 work units)
Thread count was 4 (of 10 available processors)

Solution count 10: 2.49864e+06 2.49882e+06 2.49887e+06 ... 2.4996e+06

Optimal solution found (tolerance 1.00e-03)
Best objective 2.498637575926e+06, best bound 2.496150908974e+06, gap 0.0995%

User-callback calls 27137, time in user-callback 0.06 sec
