
Gurobi 13.0.2 (mac64[arm]) logging started Wed Oct  7 17:51:20 2026

Set parameter LogFile to value "DATACENTER/AIDC-39/case002_inference_n1/results/baseline_gurobi.log"
Warning for adding constraints: zero or small (< 1e-13) coefficients, ignored
Gurobi Optimizer version 13.0.2 build v13.0.2rc1 (mac64[arm] - Darwin 27.0.0 26A428)

CPU model: Apple M5
Thread count: 10 physical cores, 10 logical processors, using up to 4 threads

Non-default parameters:
TimeLimit  600
FeasibilityTol  1e-08
IntFeasTol  1e-08
MIPGap  0.001
LogToConsole  0
Seed  1
Threads  4

Optimize a model with 348940 rows, 27840 columns and 606910 nonzeros (Min)
Model fingerprint: 0x01de7fe7
Model has 14880 linear objective coefficients
Variable types: 19776 continuous, 8064 integer (2880 binary)
Coefficient statistics:
  Matrix range     [1e-03, 4e+04]
  Objective range  [1e-03, 8e+03]
  Bounds range     [1e+00, 2e+03]
  RHS range        [5e-01, 3e+03]

User MIP start produced solution with objective 2.02644e+06 (0.77s)
User MIP start produced solution with objective 2.01394e+06 (0.78s)
User MIP start produced solution with objective 2.0019e+06 (1.12s)
User MIP start produced solution with objective 2.00151e+06 (1.13s)
User MIP start produced solution with objective 2.00124e+06 (1.35s)
User MIP start produced solution with objective 2.00124e+06 (2.54s)
User MIP start produced solution with objective 2.00083e+06 (2.55s)
User MIP start produced solution with objective 2.00083e+06 (2.56s)
Loaded user MIP start with objective 2.00083e+06
Processed MIP start in 2.56 seconds (5.82 work units)

Presolve removed 291452 rows and 20256 columns
Presolve time: 0.17s
Presolved: 57488 rows, 7584 columns, 134264 nonzeros
Variable types: 5472 continuous, 2112 integer (2112 binary)
Performing another presolve...
Presolve removed 4458 rows and 2170 columns
Presolve time: 0.17s
Root relaxation presolved: 5414 rows, 55432 columns, 159248 nonzeros


Root relaxation: objective 1.981577e+06, 7504 iterations, 0.22 seconds (0.57 work units)

    Nodes    |    Current Node    |     Objective Bounds      |     Work
 Expl Unexpl |  Obj  Depth IntInf | Incumbent    BestBd   Gap | It/Node Time

     0     0 1981576.62    0  374 2000830.56 1981576.62  0.96%     -    3s
     0     0 1997834.74    0   57 2000830.56 1997834.74  0.15%     -    3s
     0     0 1998422.22    0   44 2000830.56 1998422.22  0.12%     -    4s
     0     0 1998489.57    0   44 2000830.56 1998489.57  0.12%     -    4s
     0     0 1998489.57    0   44 2000830.56 1998489.57  0.12%     -    4s
     0     0 1998489.57    0  259 2000830.56 1998489.57  0.12%     -    5s
     0     0          -    0      2000830.56 1998855.18  0.10%     -    5s

Cutting planes:
  Gomory: 121
  Implied bound: 22
  MIR: 30
  Flow cover: 16
  RLT: 9
  Relax-and-lift: 5

Explored 1 nodes (13717 simplex iterations) in 5.56 seconds (12.27 work units)
Thread count was 4 (of 10 available processors)

Solution count 7: 2.00083e+06 2.00124e+06 2.00124e+06 ... 2.02644e+06

Optimal solution found (tolerance 1.00e-03)
Warning: max integrality violation (2.3797e-06) exceeds tolerance
Best objective 2.000830558252e+06, best bound 1.998855178128e+06, gap 0.0987%

User-callback calls 2935, time in user-callback 0.00 sec

Gurobi 13.0.2 (mac64[arm]) logging started Wed Oct  7 18:02:16 2026

Set parameter LogFile to value "/Users/bruce/Downloads/mat-py-main 2/DATACENTER/AIDC-39/case002_inference_n1/results/baseline_gurobi.log"
Warning for adding constraints: zero or small (< 1e-13) coefficients, ignored
Gurobi Optimizer version 13.0.2 build v13.0.2rc1 (mac64[arm] - Darwin 27.0.0 26A428)

CPU model: Apple M5
Thread count: 10 physical cores, 10 logical processors, using up to 4 threads

Non-default parameters:
TimeLimit  600
FeasibilityTol  1e-08
IntFeasTol  1e-08
MIPGap  0.001
LogToConsole  0
Seed  1
Threads  4

Optimize a model with 348940 rows, 27840 columns and 606910 nonzeros (Min)
Model fingerprint: 0x01de7fe7
Model has 14880 linear objective coefficients
Variable types: 19776 continuous, 8064 integer (2880 binary)
Coefficient statistics:
  Matrix range     [1e-03, 4e+04]
  Objective range  [1e-03, 8e+03]
  Bounds range     [1e+00, 2e+03]
  RHS range        [5e-01, 3e+03]

User MIP start produced solution with objective 2.02644e+06 (0.79s)
User MIP start produced solution with objective 2.01394e+06 (0.81s)
User MIP start produced solution with objective 2.0019e+06 (1.15s)
User MIP start produced solution with objective 2.00151e+06 (1.16s)
User MIP start produced solution with objective 2.00124e+06 (1.39s)
User MIP start produced solution with objective 2.00124e+06 (2.59s)
User MIP start produced solution with objective 2.00083e+06 (2.60s)
User MIP start produced solution with objective 2.00083e+06 (2.61s)
Loaded user MIP start with objective 2.00083e+06
Processed MIP start in 2.61 seconds (5.82 work units)

Presolve removed 291452 rows and 20256 columns
Presolve time: 0.15s
Presolved: 57488 rows, 7584 columns, 134264 nonzeros
Variable types: 5472 continuous, 2112 integer (2112 binary)
Performing another presolve...
Presolve removed 4458 rows and 2170 columns
Presolve time: 0.17s
Root relaxation presolved: 5414 rows, 55432 columns, 159248 nonzeros


Root relaxation: objective 1.981577e+06, 7504 iterations, 0.23 seconds (0.57 work units)

    Nodes    |    Current Node    |     Objective Bounds      |     Work
 Expl Unexpl |  Obj  Depth IntInf | Incumbent    BestBd   Gap | It/Node Time

     0     0 1981576.62    0  374 2000830.56 1981576.62  0.96%     -    3s
     0     0 1997834.74    0   57 2000830.56 1997834.74  0.15%     -    4s
     0     0 1998422.22    0   44 2000830.56 1998422.22  0.12%     -    4s
     0     0 1998489.57    0   44 2000830.56 1998489.57  0.12%     -    4s
     0     0 1998489.57    0   44 2000830.56 1998489.57  0.12%     -    4s
     0     0 1998489.57    0  259 2000830.56 1998489.57  0.12%     -    5s
     0     0          -    0      2000830.56 1998855.18  0.10%     -    5s

Cutting planes:
  Gomory: 121
  Implied bound: 22
  MIR: 30
  Flow cover: 16
  RLT: 9
  Relax-and-lift: 5

Explored 1 nodes (13717 simplex iterations) in 5.93 seconds (12.27 work units)
Thread count was 4 (of 10 available processors)

Solution count 7: 2.00083e+06 2.00124e+06 2.00124e+06 ... 2.02644e+06

Optimal solution found (tolerance 1.00e-03)
Warning: max integrality violation (2.3797e-06) exceeds tolerance
Best objective 2.000830558252e+06, best bound 1.998855178128e+06, gap 0.0987%

User-callback calls 3137, time in user-callback 0.01 sec
Set parameter TimeLimit to value 5.9407000398635864e+02
Gurobi Optimizer version 13.0.2 build v13.0.2rc1 (mac64[arm] - Darwin 27.0.0 26A428)

CPU model: Apple M5
Thread count: 10 physical cores, 10 logical processors, using up to 4 threads

Non-default parameters:
TimeLimit  5.9407000398635864e+02
FeasibilityTol  1e-08
IntFeasTol  1e-08
MIPGap  0.001
LogToConsole  0
Seed  1
Threads  4

Optimize a model with 348940 rows, 27840 columns and 606910 nonzeros (Min)
Model fingerprint: 0x0aee46aa
Model has 14880 linear objective coefficients
Variable types: 19776 continuous, 8064 integer (2880 binary)
Coefficient statistics:
  Matrix range     [1e-03, 4e+04]
  Objective range  [1e-03, 8e+03]
  Bounds range     [1e+00, 2e+03]
  RHS range        [5e-01, 3e+03]

User MIP start produced solution with objective 2.00083e+06 (0.37s)
User MIP start produced solution with objective 2.00083e+06 (0.37s)
Loaded user MIP start with objective 2.00083e+06
MIP start from previous solve did not produce a new incumbent solution

Presolve removed 301974 rows and 22716 columns
Presolve time: 0.16s
Presolved: 46966 rows, 5124 columns, 99566 nonzeros
Variable types: 5124 continuous, 0 integer (0 binary)
Performing another presolve...
Presolve removed 5649 rows and 2354 columns
Presolve time: 0.07s
Root relaxation presolved: 29704 rows, 11271 columns, 71941 nonzeros


Root relaxation: cutoff, 4555 iterations, 0.13 seconds (0.25 work units)

    Nodes    |    Current Node    |     Objective Bounds      |     Work
 Expl Unexpl |  Obj  Depth IntInf | Incumbent    BestBd   Gap | It/Node Time

     0     0     cutoff    0      2000830.56 2000830.56  0.00%     -    1s

Explored 1 nodes (4555 simplex iterations) in 1.25 seconds (2.94 work units)
Thread count was 4 (of 10 available processors)

Solution count 1: 2.00083e+06 

Optimal solution found (tolerance 1.00e-03)
Best objective 2.000830559292e+06, best bound 2.000830559292e+06, gap 0.0000%
